oooooooooooooo
oooooooooooooo
oooooooooooooo
oooooooooooooo
oooooooooooooo
oooooooooooooo
oooooooooooooo
oooooooooooooo
oooooooooooooo
oooooooooooooo
oooooooooooooo
oooooooooooooo
oooooooooooooo
oooooooooooooo
oooooooooooooo
oooooooooooooo
oooooooooooooo
oooooooooooooo
oooooooooooooo
oooooooooooooo
oooooooooooooo
oooooooooooooo
oooooooooooooo
oooooooooooooo
oooooooooooooo
oooooooooooooo
oooooooooooooo
oooooooooooooo
oooooooooooooo
oooooooooooooo
oooooooooooooo
oooooooooooooo
oooooooooooooo
oooooooooooooo
oooooooooooooo
oooooooooooooo
oooooooooooooo
oooooooooooooo
oooooooooooooo
oooooooooooooo
oooooooooooooo
oooooooooooooo
oooooooooooooo
oooooooooooooo
oooooooooooooo
oooooooooooooo
oooooooooooooo
oooooooooooooo
oooooooooooooo
oooooooooooooo
oooooooooooooo
oooooooooooooo
oooooooooooooo
oooooooooooooo
oooooooooooooo
oooooooooooooo
oooooooooooooo
oooooooooooooo
oooooooooooooo
oooooooooooooo
oooooooooooooo
oooooooooooooo
oooooooooooooo
oooooooooooooo
oooooooooooooo
oooooooooooooo
oooooooooooooo
oooooooooooooo
oooooooooooooo
oooooooooooooo
oooooooooooooo
oooooooooooooo
oooooooooooooo
oooooooooooooo
oooooooooooooo
oooooooooooooo
oooooooooooooo
oooooooooooooo
oooooooooooooo
oooooooooooooo
oooooooooooooo
oooooooooooooo
oooooooooooooo
oooooooooooooo
oooooooooooooo
oooooooooooooo
oooooooooooooo
oooooooooooooo
oooooooooooooo
oooooooooooooo
oooooooooooooo
oooooooooooooo
oooooooooooooo
oooooooooooooo
oooooooooooooo
oooooooooooooo
oooooooooooooo
oooooooooooooo
oooooooooooooo